******************************************************************************
                  TI ARM Linker PC v20.2.1                     
******************************************************************************
>> Linked Tue Jan 12 11:32:12 2021

OUTPUT FILE NAME:   <Project.out>
ENTRY POINT SYMBOL: "_c_int00_noargs"  address: 00001229


MEMORY CONFIGURATION

         name            origin    length      used     unused   attr    fill
----------------------  --------  ---------  --------  --------  ----  --------
  FLASH                 00000000   00040000  000012ea  0003ed16  R  X
  SRAM                  20000000   00008000  00000205  00007dfb  RW X


SEGMENT ALLOCATION MAP

run origin  load origin   length   init length attrs members
----------  ----------- ---------- ----------- ----- -------
00000000    00000000    000012f0   000012f0    r-x
  00000000    00000000    0000026c   0000026c    r-- .intvecs
  0000026c    0000026c    0000104e   0000104e    r-x .text
  000012c0    000012c0    00000030   00000030    r-- .cinit
20000000    20000000    00000205   00000000    rw-
  20000000    20000000    00000200   00000000    rw- .stack
  20000200    20000200    00000004   00000000    rw- .data
  20000204    20000204    00000001   00000000    rw- .bss


SECTION ALLOCATION MAP

 output                                  attributes/
section   page    origin      length       input sections
--------  ----  ----------  ----------   ----------------
.intvecs   0    00000000    0000026c     
                  00000000    0000026c     tm4c123gh6pm_startup_ccs.obj (.intvecs)

.text      0    0000026c    0000104e     
                  0000026c    00000428     main.obj (.text)
                  00000694    000001e4     GPIOB.obj (.text)
                  00000878    000001d8     GPIOA.obj (.text)
                  00000a50    000001b6     rtsv7M4_T_le_v4SPD16_eabi.lib : fd_add_t2.asm.obj (.text)
                  00000c06    00000136                                   : fd_div_t2.asm.obj (.text)
                  00000d3c    00000100     Timer1A.obj (.text)
                  00000e3c    000000fc     Timer0A.obj (.text)
                  00000f38    000000c8     UART0.obj (.text)
                  00001000    0000009c     Systick.obj (.text)
                  0000109c    0000009c     rtsv7M4_T_le_v4SPD16_eabi.lib : memcpy_t2.asm.obj (.text)
                  00001138    00000068                                   : copy_decompress_lzss.c.obj (.text:decompress:lzss:__TI_decompress_lzss)
                  000011a0    00000044                                   : autoinit.c.obj (.text:__TI_auto_init_nobinit_nopinit:__TI_auto_init_nobinit_nopinit)
                  000011e4    00000044                                   : fd_tou_t2.asm.obj (.text)
                  00001228    00000034                                   : boot_cortex_m.c.obj (.text:_c_int00_noargs:_c_int00_noargs)
                  0000125c    00000020                                   : u_tofd_t2.asm.obj (.text)
                  0000127c    0000001c                                   : copy_zero_init.c.obj (.text:decompress:ZI:__TI_zero_init_nomemset:__TI_zero_init_nomemset)
                  00001298    0000000e                                   : copy_decompress_none.c.obj (.text:decompress:none:__TI_decompress_none)
                  000012a6    0000000c     tm4c123gh6pm_startup_ccs.obj (.text)
                  000012b2    00000004     rtsv7M4_T_le_v4SPD16_eabi.lib : pre_init.c.obj (.text:_system_pre_init)
                  000012b6    00000004                                   : exit.c.obj (.text:abort:abort)

.cinit     0    000012c0    00000030     
                  000012c0    0000000c     (__TI_handler_table)
                  000012cc    00000004     --HOLE-- [fill = 0]
                  000012d0    00000008     (.cinit..bss.load) [load image, compression = zero_init]
                  000012d8    00000007     (.cinit..data.load) [load image, compression = lzss]
                  000012df    00000001     --HOLE-- [fill = 0]
                  000012e0    00000010     (__TI_cinit_table)

.init_array 
*          0    00000000    00000000     UNINITIALIZED

.data      0    20000200    00000004     UNINITIALIZED
                  20000200    00000004     main.obj (.data)

.bss       0    20000204    00000001     UNINITIALIZED
                  20000204    00000001     main.obj (.bss)

.stack     0    20000000    00000200     UNINITIALIZED
                  20000000    00000004     rtsv7M4_T_le_v4SPD16_eabi.lib : boot_cortex_m.c.obj (.stack)
                  20000004    000001fc     --HOLE--

__llvm_prf_cnts 
*          0    20000000    00000000     UNINITIALIZED

MODULE SUMMARY

       Module                         code   ro data   rw data
       ------                         ----   -------   -------
    .\
       main.obj                       1064   0         5      
       tm4c123gh6pm_startup_ccs.obj   12     620       0      
    +--+------------------------------+------+---------+---------+
       Total:                         1076   620       5      
                                                              
    .\Driverlib\
       GPIOB.obj                      484    0         0      
       GPIOA.obj                      472    0         0      
       Timer1A.obj                    256    0         0      
       Timer0A.obj                    252    0         0      
       UART0.obj                      200    0         0      
       Systick.obj                    156    0         0      
    +--+------------------------------+------+---------+---------+
       Total:                         1820   0         0      
                                                              
    C:\ti\ccs1011\ccs\tools\compiler\ti-cgt-arm_20.2.1.LTS\lib\rtsv7M4_T_le_v4SPD16_eabi.lib
       fd_add_t2.asm.obj              438    0         0      
       fd_div_t2.asm.obj              310    0         0      
       memcpy_t2.asm.obj              156    0         0      
       copy_decompress_lzss.c.obj     104    0         0      
       autoinit.c.obj                 68     0         0      
       fd_tou_t2.asm.obj              68     0         0      
       boot_cortex_m.c.obj            52     0         0      
       u_tofd_t2.asm.obj              32     0         0      
       copy_zero_init.c.obj           28     0         0      
       copy_decompress_none.c.obj     14     0         0      
       exit.c.obj                     4      0         0      
       pre_init.c.obj                 4      0         0      
    +--+------------------------------+------+---------+---------+
       Total:                         1278   0         0      
                                                              
       Stack:                         0      0         512    
       Linker Generated:              0      43        0      
    +--+------------------------------+------+---------+---------+
       Grand Total:                   4174   663       517    


LINKER GENERATED COPY TABLES

__TI_cinit_table @ 000012e0 records: 2, size/record: 8, table size: 16
	.bss: load addr=000012d0, load size=00000008 bytes, run addr=20000204, run size=00000001 bytes, compression=zero_init
	.data: load addr=000012d8, load size=00000007 bytes, run addr=20000200, run size=00000004 bytes, compression=lzss


LINKER GENERATED HANDLER TABLE

__TI_handler_table @ 000012c0 records: 3, size/record: 4, table size: 12
	index: 0, handler: __TI_decompress_lzss
	index: 1, handler: __TI_decompress_none
	index: 2, handler: __TI_zero_init


GLOBAL SYMBOLS: SORTED ALPHABETICALLY BY Name 

address   name                          
-------   ----                          
000012b7  C$$EXIT                       
00000573  PortB_Handler                 
000012a7  ResetISR                      
0000030f  SystickInit                   
00000563  Systick_Handler               
000002db  Timer0Init                    
00000375  Timer0_Handler                
000002f5  Timer1Init                    
000004e3  Timer1_Handler                
00000f39  UART0init                     
00000f97  UART0sendChar                 
20000200  __STACK_END                   
00000200  __STACK_SIZE                  
20000200  __STACK_TOP                   
000012e0  __TI_CINIT_Base               
000012f0  __TI_CINIT_Limit              
000012c0  __TI_Handler_Table_Base       
000012cc  __TI_Handler_Table_Limit      
000011a1  __TI_auto_init_nobinit_nopinit
00001139  __TI_decompress_lzss          
00001299  __TI_decompress_none          
ffffffff  __TI_pprof_out_hndl           
ffffffff  __TI_prof_data_size           
ffffffff  __TI_prof_data_start          
00000000  __TI_static_base__            
0000127d  __TI_zero_init_nomemset       
000011e5  __aeabi_d2uiz                 
00000a5b  __aeabi_dadd                  
00000c07  __aeabi_ddiv                  
00000a51  __aeabi_dsub                  
0000109d  __aeabi_memcpy                
0000109d  __aeabi_memcpy4               
0000109d  __aeabi_memcpy8               
0000125d  __aeabi_ui2d                  
ffffffff  __binit__                     
ffffffff  __c_args__                    
UNDEFED   __mpu_init                    
20000000  __stack                       
20000000  __start___llvm_prf_cnts       
20000000  __stop___llvm_prf_cnts        
00001229  _c_int00_noargs               
UNDEFED   _system_post_cinit            
000012b3  _system_pre_init              
000012b7  abort                         
ffffffff  binit                         
000009f9  clearPortAFlag                
00000821  clearPortBFlag                
00000ea3  clearTimer0AFlag              
00000da3  clearTimer1AFlag              
00000e69  configTimer0A                 
00000d69  configTimer1A                 
00000eed  delayTimer0Sec                
00000df1  delayTimer1Sec                
0000099b  disablePortAInt               
000007c3  disablePortBInt               
0000078b  disablePortBNVIC              
00001001  disableSystick                
00001059  disableSystickInt             
00000e5d  disableTimer0A                
00000ec5  disableTimer0AInt             
00000d5d  disableTimer1A                
00000dc5  disableTimer1AInt             
00000879  enablePortAClock              
0000096f  enablePortAInt                
00000963  enablePortANVIC               
00000695  enablePortBClock              
00000797  enablePortBInt                
0000077f  enablePortBNVIC               
0000100d  enableSystick                 
0000104d  enableSystickInt              
00000e51  enableTimer0A                 
00000e3d  enableTimer0AClock            
00000eaf  enableTimer0AInt              
00000d51  enableTimer1A                 
00000d3d  enableTimer1AClock            
00000daf  enableTimer1AInt              
00000000  g_pfnVectors                  
00000321  initialState                  
00000355  main                          
0000109d  memcpy                        
0000026d  portAInit                     
00000299  portBInit                     
000009d7  readPortAFlag                 
00000941  readPortAPin                  
000007ff  readPortBFlag                 
0000075d  readPortBPin                  
00001041  readSystickFlag               
00000e99  readTimer0AFlag               
00000d99  readTimer1AFlag               
00000fb3  sendState                     
000008c5  setPortAPinInput              
00000899  setPortAPinOutput             
000009b7  setPortAPriority              
000006e1  setPortBPinInput              
000006b5  setPortBPinOutput             
000007df  setPortBPriority              
00001019  setSysTickLoad                
00001065  setSystickPriority            
00000e7f  setTimer0ALoad                
00000ed1  setTimer0APriority            
00000d7f  setTimer1ALoad                
00000dd1  setTimer1APriority            
00000901  writePortAPin                 
0000071d  writePortBPin                 


GLOBAL SYMBOLS: SORTED BY Symbol Address 

address   name                          
-------   ----                          
00000000  __TI_static_base__            
00000000  g_pfnVectors                  
00000200  __STACK_SIZE                  
0000026d  portAInit                     
00000299  portBInit                     
000002db  Timer0Init                    
000002f5  Timer1Init                    
0000030f  SystickInit                   
00000321  initialState                  
00000355  main                          
00000375  Timer0_Handler                
000004e3  Timer1_Handler                
00000563  Systick_Handler               
00000573  PortB_Handler                 
00000695  enablePortBClock              
000006b5  setPortBPinOutput             
000006e1  setPortBPinInput              
0000071d  writePortBPin                 
0000075d  readPortBPin                  
0000077f  enablePortBNVIC               
0000078b  disablePortBNVIC              
00000797  enablePortBInt                
000007c3  disablePortBInt               
000007df  setPortBPriority              
000007ff  readPortBFlag                 
00000821  clearPortBFlag                
00000879  enablePortAClock              
00000899  setPortAPinOutput             
000008c5  setPortAPinInput              
00000901  writePortAPin                 
00000941  readPortAPin                  
00000963  enablePortANVIC               
0000096f  enablePortAInt                
0000099b  disablePortAInt               
000009b7  setPortAPriority              
000009d7  readPortAFlag                 
000009f9  clearPortAFlag                
00000a51  __aeabi_dsub                  
00000a5b  __aeabi_dadd                  
00000c07  __aeabi_ddiv                  
00000d3d  enableTimer1AClock            
00000d51  enableTimer1A                 
00000d5d  disableTimer1A                
00000d69  configTimer1A                 
00000d7f  setTimer1ALoad                
00000d99  readTimer1AFlag               
00000da3  clearTimer1AFlag              
00000daf  enableTimer1AInt              
00000dc5  disableTimer1AInt             
00000dd1  setTimer1APriority            
00000df1  delayTimer1Sec                
00000e3d  enableTimer0AClock            
00000e51  enableTimer0A                 
00000e5d  disableTimer0A                
00000e69  configTimer0A                 
00000e7f  setTimer0ALoad                
00000e99  readTimer0AFlag               
00000ea3  clearTimer0AFlag              
00000eaf  enableTimer0AInt              
00000ec5  disableTimer0AInt             
00000ed1  setTimer0APriority            
00000eed  delayTimer0Sec                
00000f39  UART0init                     
00000f97  UART0sendChar                 
00000fb3  sendState                     
00001001  disableSystick                
0000100d  enableSystick                 
00001019  setSysTickLoad                
00001041  readSystickFlag               
0000104d  enableSystickInt              
00001059  disableSystickInt             
00001065  setSystickPriority            
0000109d  __aeabi_memcpy                
0000109d  __aeabi_memcpy4               
0000109d  __aeabi_memcpy8               
0000109d  memcpy                        
00001139  __TI_decompress_lzss          
000011a1  __TI_auto_init_nobinit_nopinit
000011e5  __aeabi_d2uiz                 
00001229  _c_int00_noargs               
0000125d  __aeabi_ui2d                  
0000127d  __TI_zero_init_nomemset       
00001299  __TI_decompress_none          
000012a7  ResetISR                      
000012b3  _system_pre_init              
000012b7  C$$EXIT                       
000012b7  abort                         
000012c0  __TI_Handler_Table_Base       
000012cc  __TI_Handler_Table_Limit      
000012e0  __TI_CINIT_Base               
000012f0  __TI_CINIT_Limit              
20000000  __stack                       
20000000  __start___llvm_prf_cnts       
20000000  __stop___llvm_prf_cnts        
20000200  __STACK_END                   
20000200  __STACK_TOP                   
ffffffff  __TI_pprof_out_hndl           
ffffffff  __TI_prof_data_size           
ffffffff  __TI_prof_data_start          
ffffffff  __binit__                     
ffffffff  __c_args__                    
ffffffff  binit                         
UNDEFED   __mpu_init                    
UNDEFED   _system_post_cinit            

[104 symbols]
